// Jest Snapshot v1, https://jestjs.io/docs/snapshot-testing

exports[`Footer should render successfully 1`] = `
<body>
  <div>
    <footer
      class="footer"
    >
      <div
        class="ds-alert infoSection"
        data-color="info"
      >
        <h3
          class="ds-heading"
        >
          Tilbakemeldinger
        </h3>
        <p
          class="ds-paragraph"
          data-variant="default"
        >
          Dataportalen er under utvikling, og dine innspill er viktige for oss. Hjelp oss gjerne ved å fylle ut

          <a
            class="ds-link"
            href="https://forms.office.com/Pages/ResponsePage.aspx?id=knAhx0CyHU69YfqXupdcvG8mQNraR5ZAu3es4-se84xUN0VFME5BSVFSUTZDRUZCTzNTVUlFTDlUNC4u"
            rel="noreferrer"
            target="_blank"
          >
            undefined (undefined)
          </a>
        </p>
      </div>
      <section
        class="footerLinkSection"
      />
    </footer>
  </div>
</body>
`;
