// Jest Snapshot v1, https://jestjs.io/docs/snapshot-testing

exports[`Header renders the logo link with correct href and text 1`] = `
<DocumentFragment>
  <header
    class="header"
  >
    <div
      class="headerContainer container"
    >
      <a
        href="https://example.com"
        title="Gå til hovedsiden"
      >
        Logo
      </a>
      <section
        class="userSection"
      />
    </div>
  </header>
</DocumentFragment>
`;
