// Jest Snapshot v1, https://jestjs.io/docs/snapshot-testing

exports[`Footer should render successfully 1`] = `
<body>
  <div>
    <footer
      class="footer"
    >
      <section
        class="footerInfoSection"
      >
        Bygget på Digitaliseringsdirektoratet Felles datakatalog
      </section>
      <section
        class="footerLinkSection"
      >
        <a
          href="mailto:metadata@ssb.no"
        >
          metadata@ssb.no
        </a>
      </section>
    </footer>
  </div>
</body>
`;
